
> vi-vi-vu@0.0.0 build
> vite build

[36mvite v7.2.6 [32mbuilding client environment for production...[36m[39m
transforming...
[32mΓ£ô[39m 7815 modules transformed.
node.exe : [33mGenerated an empty chunk: "ai-vendor".[39m
At C:\Program Files\nodejs\npm.ps1:29 char:3
+   & $NODE_EXE $NPM_CLI_JS $args
+   ~~~~~~~~~~~~~~~~~~~~~~~~~~~~~
    + CategoryInfo          : NotSpecified: ([33mGenerated ...i-vendor".[39m:String) [], RemoteException
    + FullyQualifiedErrorId : NativeCommandError
 
rendering chunks...
computing gzip size...
[2mdist/[22m[32mregisterSW.js                      [39m[1m[2m    0.13 kB[22m[1m[22m
[2mdist/[22m[32mmanifest.webmanifest               [39m[1m[2m    0.34 kB[22m[1m[22m
[2mdist/[22m[32mindex.html                         [39m[1m[2m    1.83 kB[22m[1m[22m[2m Γöé gzip:     0.84 kB[22m
[2mdist/[22m[35massets/index-BVx1iubb.css          [39m[1m[2m  272.25 kB[22m[1m[22m[2m Γöé gzip:    35.15 kB[22m
[2mdist/[22m[36massets/ai-vendor-l0sNRNKZ.js       [39m[1m[2m    0.00 kB[22m[1m[22m[2m Γöé gzip:     0.02 kB[22m
[2mdist/[22m[36massets/index-DL7kxcrN.js           [39m[1m[2m    0.11 kB[22m[1m[22m[2m Γöé gzip:     0.11 kB[22m
[2mdist/[22m[36massets/PageHeader-D2BHJbay.js      [39m[1m[2m    0.71 kB[22m[1m[22m[2m Γöé gzip:     0.38 kB[22m
[2mdist/[22m[36massets/ThemeButton-BcrOUtGq.js     [39m[1m[2m    0.83 kB[22m[1m[22m[2m Γöé gzip:     0.45 kB[22m
[2mdist/[22m[36massets/NotFound-CQb_Xr5E.js        [39m[1m[2m    0.92 kB[22m[1m[22m[2m Γöé gzip:     0.54 kB[22m
[2mdist/[22m[36massets/MetricTile-TaMG0Hpk.js      [39m[1m[2m    1.04 kB[22m[1m[22m[2m Γöé gzip:     0.59 kB[22m
[2mdist/[22m[36massets/googleAuth-Dsfs_1ZY.js      [39m[1m[2m    1.47 kB[22m[1m[22m[2m Γöé gzip:     0.83 kB[22m
[2mdist/[22m[36massets/EmptyState-GBNNeDeZ.js      [39m[1m[2m    2.24 kB[22m[1m[22m[2m Γöé gzip:     0.98 kB[22m
[2mdist/[22m[36massets/TermsOfService-BCC0Xaxt.js  [39m[1m[2m    3.56 kB[22m[1m[22m[2m Γöé gzip:     1.58 kB[22m
[2mdist/[22m[36massets/PrivacyPolicy-VL3yjb3r.js   [39m[1m[2m    5.49 kB[22m[1m[22m[2m Γöé gzip:     1.96 kB[22m
[2mdist/[22m[36massets/ChallengesTab-BJH5MLQR.js   [39m[1m[2m    8.23 kB[22m[1m[22m[2m Γöé gzip:     2.56 kB[22m
[2mdist/[22m[36massets/DebtsTab-ClaMCMEV.js        [39m[1m[2m   11.29 kB[22m[1m[22m[2m Γöé gzip:     3.58 kB[22m
[2mdist/[22m[36massets/Goals-rBdNSlhZ.js           [39m[1m[2m   13.49 kB[22m[1m[22m[2m Γöé gzip:     4.24 kB[22m
[2mdist/[22m[36massets/Profile-Da8afECm.js         [39m[1m[2m   14.95 kB[22m[1m[22m[2m Γöé gzip:     4.44 kB[22m
[2mdist/[22m[36massets/Login-Dh0qLazu.js           [39m[1m[2m   19.78 kB[22m[1m[22m[2m Γöé gzip:     5.54 kB[22m
[2mdist/[22m[36massets/Statistics-DDttCzRU.js      [39m[1m[2m   20.05 kB[22m[1m[22m[2m Γöé gzip:     6.69 kB[22m
[2mdist/[22m[36massets/Planning-MsCOFTtC.js        [39m[1m[2m   24.84 kB[22m[1m[22m[2m Γöé gzip:     7.71 kB[22m
[2mdist/[22m[36massets/Dashboard-BIfrx0te.js       [39m[1m[2m   24.94 kB[22m[1m[22m[2m Γöé gzip:     7.15 kB[22m
[2mdist/[22m[36massets/DataTools-Ca-s1fyS.js       [39m[1m[2m   44.05 kB[22m[1m[22m[2m Γöé gzip:    11.65 kB[22m
[2mdist/[22m[36massets/react-vendor-D1f6yhkQ.js    [39m[1m[2m   45.27 kB[22m[1m[22m[2m Γöé gzip:    16.28 kB[22m
[2mdist/[22m[36massets/index-C30XhRHo.js           [39m[1m[2m  287.83 kB[22m[1m[22m[2m Γöé gzip:    89.43 kB[22m
[2mdist/[22m[36massets/utils-vendor-C36CFrTM.js    [39m[1m[2m  333.21 kB[22m[1m[22m[2m Γöé gzip:   107.68 kB[22m
[2mdist/[22m[36massets/chart-vendor-rtAwXF9C.js    [39m[1m[2m  374.10 kB[22m[1m[22m[2m Γöé gzip:   110.11 kB[22m
[2mdist/[22m[36massets/ui-vendor-BtMH-tDn.js       [39m[1m[33m5,655.53 kB[39m[22m[2m Γöé gzip: 1,234.12 kB[22m
[33m
(!) Some chunks are larger than 1000 kB after minification. Consider:
- Using dynamic import() to code-split the application
- Use build.rollupOptions.output.manualChunks to improve chunking: 
https://rollupjs.org/configuration-options/#output-manualchunks
- Adjust chunk size limit for this warning via build.chunkSizeWarningLimit.[39m
[32mΓ£ô built in 20.45s[39m
Browserslist: browsers data (caniuse-lite) is 7 months old. Please run:
  npx update-browserslist-db@latest
  Why you should do it regularly: https://github.com/browserslist/update-db#readme
[31merror during build:
Error: 
  Configure "workbox.maximumFileSizeToCacheInBytes" to change the limit: the default value is 2 MiB.
  Check https://vite-pwa-org.netlify.app/guide/faq.html#missing-assets-from-sw-precache-manifest for more information.
  Assets exceeding the limit:
  - assets/ui-vendor-BtMH-tDn.js is 5.66 MB, and won't be precached.

    at logWorkboxResult (file:///D:/SDN_FE/SDN302-FE/node_modules/vite-plugin-pwa/dist/chunk-G4TAN34B.js:44:13)
    at generateServiceWorker (file:///D:/SDN_FE/SDN302-FE/node_modules/vite-plugin-pwa/dist/index.js:209:3)
    at async _generateSW (file:///D:/SDN_FE/SDN302-FE/node_modules/vite-plugin-pwa/dist/index.js:234:5)
    at async Object.handler (file:///D:/SDN_FE/SDN302-FE/node_modules/vite-plugin-pwa/dist/index.js:427:13)
    at async PluginDriver.hookParallel 
(file:///D:/SDN_FE/SDN302-FE/node_modules/rollup/dist/es/shared/node-entry.js:22355:17)
    at async Object.close (file:///D:/SDN_FE/SDN302-FE/node_modules/rollup/dist/es/shared/node-entry.js:23374:13)
    at async buildEnvironment (file:///D:/SDN_FE/SDN302-FE/node_modules/vite/dist/node/chunks/config.js:33548:15)
    at async Object.build (file:///D:/SDN_FE/SDN302-FE/node_modules/vite/dist/node/chunks/config.js:33893:19)
    at async Object.buildApp (file:///D:/SDN_FE/SDN302-FE/node_modules/vite/dist/node/chunks/config.js:33890:153)
    at async CAC.<anonymous> (file:///D:/SDN_FE/SDN302-FE/node_modules/vite/dist/node/cli.js:629:3)[39m
